[31m[Nest] 11284  - [39m09/06/2026, 4:10:16 p. m. [31m  ERROR[39m [38;5;3m[ExceptionsHandler] [39mPrismaClientKnownRequestError: 
Invalid `this.prisma.user.findFirst()` invocation in
C:\Users\jahir\api_empleofacil\dist\src\auth\auth.service.js:101:45

   98     return this.buildAuthResponse(user, user.candidateProfile?.id ?? null, null);
   99 }
  100 async login(dto) {
→ 101     const user = await this.prisma.user.findFirst(
The column `User.secondaryPhone` does not exist in the current database.
    at $n.handleRequestError [90m(C:\Users\jahir\api_empleofacil\[39mnode_modules\[4m@prisma\client[24m\runtime\library.js:121:7315[90m)[39m
    at $n.handleAndLogRequestError [90m(C:\Users\jahir\api_empleofacil\[39mnode_modules\[4m@prisma\client[24m\runtime\library.js:121:6623[90m)[39m
    at $n.request [90m(C:\Users\jahir\api_empleofacil\[39mnode_modules\[4m@prisma\client[24m\runtime\library.js:121:6307[90m)[39m
    at async l [90m(C:\Users\jahir\api_empleofacil\[39mnode_modules\[4m@prisma\client[24m\runtime\library.js:130:9633[90m)[39m
    at async AuthService.login [90m(C:\Users\jahir\api_empleofacil\[39mdist\src\auth\auth.service.js:101:22[90m)[39m
    at async [90mC:\Users\jahir\api_empleofacil\[39mnode_modules\[4m@nestjs\core[24m\router\router-execution-context.js:46:28
    at async [90mC:\Users\jahir\api_empleofacil\[39mnode_modules\[4m@nestjs\core[24m\router\router-proxy.js:9:17 {
  code: [32m'P2022'[39m,
  clientVersion: [32m'5.22.0'[39m,
  meta: {
    modelName: [32m'User'[39m,
    column: [32m'User.secondaryPhone'[39m
  }
}
